tcpdump: pcap_loop: truncated dump file; tried to read 354 captured bytes, only got 30
